21:07:38 **** Build of configuration Debug for project lab4 ****
make all 
make --no-print-directory pre-build
a9-linaro-pre-build-step
' '
make --no-print-directory main-build
'Building file: ../src/lab4.c'
'Invoking: ARM v7 gcc compiler'
arm-none-eabi-gcc -Wall -O0 -g3 -c -fmessage-length=0 -MT"src/lab4.o" -mcpu=cortex-a9 -mfpu=vfpv3 -mfloat-abi=hard -IE:/8191588/FPGA_mag2.1_lab1/system_wrapper/export/system_wrapper/sw/system_wrapper/standalone_ps7_cortexa9_0/bspinclude/include -MMD -MP -MF"src/lab4.d" -MT"src/lab4.o" -o "src/lab4.o" "../src/lab4.c"
'Finished building: ../src/lab4.c'
' '
'Building target: lab4.elf'
'Invoking: ARM v7 gcc linker'
arm-none-eabi-gcc -mcpu=cortex-a9 -mfpu=vfpv3 -mfloat-abi=hard -Wl,-build-id=none -specs=Xilinx.spec -Wl,-T -Wl,../src/lscript.ld -LE:/8191588/FPGA_mag2.1_lab1/system_wrapper/export/system_wrapper/sw/system_wrapper/standalone_ps7_cortexa9_0/bsplib/lib -o "lab4.elf"  ./src/lab4.o   -Wl,--start-group,-lxil,-lgcc,-lc,--end-group
'Finished building target: lab4.elf'
' '
'Invoking: ARM v7 Print Size'
arm-none-eabi-size lab4.elf  |tee "lab4.elf.size"
   text	   data	    bss	    dec	    hex	filename
  23277	   1176	  22584	  47037	   b7bd	lab4.elf
'Finished building: lab4.elf.size'
' '

21:07:39 Build Finished (took 346ms)

